---
source: src/lex/token.rs
expression: tokens
---
[
    Function,
    Ident(
        "remove_blanks",
    ),
    OpenRoundBracket,
    Ident(
        "s",
    ),
    CloseRoundBracket,
    Local,
    Ident(
        "b",
    ),
    Equals,
    Ident(
        "strfind",
    ),
    OpenRoundBracket,
    Ident(
        "s",
    ),
    Comma,
    String(
        StringLiteral(
            " ",
        ),
    ),
    CloseRoundBracket,
    While,
    Ident(
        "b",
    ),
    Do,
    Ident(
        "s",
    ),
    Equals,
    Ident(
        "strsub",
    ),
    OpenRoundBracket,
    Ident(
        "s",
    ),
    Comma,
    Number(
        Integer(
            1,
        ),
    ),
    Comma,
    Ident(
        "b",
    ),
    Number(
        Integer(
            -1,
        ),
    ),
    CloseRoundBracket,
    Concat,
    Ident(
        "strsub",
    ),
    OpenRoundBracket,
    Ident(
        "s",
    ),
    Comma,
    Ident(
        "b",
    ),
    Number(
        Integer(
            1,
        ),
    ),
    CloseRoundBracket,
    Ident(
        "b",
    ),
    Equals,
    Ident(
        "strfind",
    ),
    OpenRoundBracket,
    Ident(
        "s",
    ),
    Comma,
    String(
        StringLiteral(
            " ",
        ),
    ),
    CloseRoundBracket,
    End,
    Return,
    Ident(
        "s",
    ),
    End,
]
