---
source: src/lex/token.rs
expression: tokens
---
[
    Function,
    Ident(
        "f",
    ),
    OpenRoundBracket,
    Ident(
        "t",
    ),
    CloseRoundBracket,
    Local,
    Ident(
        "i",
    ),
    Comma,
    Ident(
        "v",
    ),
    Equals,
    Ident(
        "next",
    ),
    OpenRoundBracket,
    Ident(
        "t",
    ),
    Comma,
    Nil,
    CloseRoundBracket,
    While,
    Ident(
        "i",
    ),
    Do,
    Ident(
        "i",
    ),
    Comma,
    Ident(
        "v",
    ),
    Equals,
    Ident(
        "next",
    ),
    OpenRoundBracket,
    Ident(
        "t",
    ),
    Comma,
    Ident(
        "i",
    ),
    CloseRoundBracket,
    End,
    End,
]
