---
source: src/lex/token.rs
expression: tokens
---
[
    Number(
        NumberLiteral(
            4.0,
        ),
    ),
    Number(
        NumberLiteral(
            1000.0,
        ),
    ),
    Number(
        NumberLiteral(
            10000000000000000.0,
        ),
    ),
    Number(
        NumberLiteral(
            -60.0,
        ),
    ),
    Number(
        NumberLiteral(
            728.0,
        ),
    ),
]
