---
source: src/lex/token.rs
expression: tokens
---
[
    Number(
        NumberLiteral(
            40000000000.0,
        ),
    ),
    Number(
        NumberLiteral(
            0.000000015000000000000002,
        ),
    ),
    Number(
        NumberLiteral(
            500000000.0,
        ),
    ),
    Number(
        NumberLiteral(
            -60000000.0,
        ),
    ),
    Number(
        NumberLiteral(
            -0.000000524,
        ),
    ),
    Number(
        NumberLiteral(
            8.0,
        ),
    ),
]
