---
source: src/lex.rs
expression: tokens
---
[
    Function,
    Ident(
        "remove_blanks",
    ),
    OpenRoundBracket,
    Ident(
        "s",
    ),
    CloseRoundBracket,
    Local,
    Ident(
        "b",
    ),
    Equals,
    Ident(
        "strfind",
    ),
    OpenRoundBracket,
    Ident(
        "s",
    ),
    Comma,
    StringLiteral(
        " ",
    ),
    CloseRoundBracket,
    While,
    Ident(
        "b",
    ),
    Do,
    Ident(
        "s",
    ),
    Equals,
    Ident(
        "strsub",
    ),
    OpenRoundBracket,
    Ident(
        "s",
    ),
    Comma,
    Number(
        Ratio {
            numer: BigInt {
                sign: Plus,
                data: BigUint {
                    data: [
                        1,
                    ],
                },
            },
            denom: BigInt {
                sign: Plus,
                data: BigUint {
                    data: [
                        1,
                    ],
                },
            },
        },
    ),
    Comma,
    Ident(
        "b",
    ),
    Number(
        Ratio {
            numer: BigInt {
                sign: Minus,
                data: BigUint {
                    data: [
                        1,
                    ],
                },
            },
            denom: BigInt {
                sign: Plus,
                data: BigUint {
                    data: [
                        1,
                    ],
                },
            },
        },
    ),
    CloseRoundBracket,
    Concat,
    Ident(
        "strsub",
    ),
    OpenRoundBracket,
    Ident(
        "s",
    ),
    Comma,
    Ident(
        "b",
    ),
    Number(
        Ratio {
            numer: BigInt {
                sign: Plus,
                data: BigUint {
                    data: [
                        1,
                    ],
                },
            },
            denom: BigInt {
                sign: Plus,
                data: BigUint {
                    data: [
                        1,
                    ],
                },
            },
        },
    ),
    CloseRoundBracket,
    Ident(
        "b",
    ),
    Equals,
    Ident(
        "strfind",
    ),
    OpenRoundBracket,
    Ident(
        "s",
    ),
    Comma,
    StringLiteral(
        " ",
    ),
    CloseRoundBracket,
    End,
    Return,
    Ident(
        "s",
    ),
    End,
]
